---
source: tests/doctor.rs
expression: "doctor::render_targets(&sample_probes())"
---
target              erts                     resolves  linkage  libc  detail
linux-x86_64-gnu    host                     yes       dynamic  2.38  host:/usr/lib/erlang
linux-aarch64-musl  docker:erlang:29-alpine  not yet   -        -     arrives with the container image milestone
