---
source: tests/stub.rs
expression: rendered
---
no stub found for <target> (ginary <ver>)
  searched: <env>/ginary-stub-<ver>-<target>
            <env>/ginary-<ver>-<target>
            <cache>/stubs/<ver>/<target>
  hint: build one with `mise run stubs:build` and set GINARY_STUB_DIR, or point `--stub` at it
