---
source: tests/stub.rs
expression: rendered
---
the stub /stubs/ginary-stub-1.2.3-linux-aarch64-musl is not there; `--stub` names a file rather than a search
the stub /stubs/ginary-stub-1.2.3-linux-aarch64-musl is a directory rather than a file; `--stub` names the stub binary itself
/stubs/ginary-stub-1.2.3-linux-aarch64-musl is 1073741824 bytes, and a stub may be at most 67108864
/stubs/ginary-stub-1.2.3-linux-aarch64-musl is not a ginary stub: no ginary identity marker: this file was not built by ginary
/stubs/ginary-stub-1.2.3-linux-aarch64-musl is a stub of ginary 1.2.3 and this is ginary 1.3.0; stubs are version-locked, so build or fetch the 1.3.0 stub
/stubs/ginary-stub-1.2.3-linux-aarch64-musl reads payload format 2 and this ginary writes format 1
/stubs/ginary-stub-1.2.3-linux-aarch64-musl is a stub for linux-x86_64-gnu, and this build is for linux-aarch64-musl
/stubs/ginary-stub-1.2.3-linux-aarch64-musl is not an executable this ginary can read (the file is 26 bytes and begins `#!`)
/stubs/ginary-stub-1.2.3-linux-aarch64-musl carries a marker for linux-aarch64-musl and the file itself is an ELF for x86_64 with a glibc interpreter
a stub for macos-aarch64 cannot be checked here yet; darwin stubs come from the CI release build
/stubs/ginary-stub-1.2.3-linux-aarch64-musl is a packaged application rather than a stub; a payload may not be appended twice
